// Vitest Snapshot v1, https://vitest.dev/guide/snapshot.html

exports[`IndexPage.vue > matches snapshot 1`] = `
"<q-page padding="" class="q-pa-md">
  <div>
    <div class="row items-center q-mb-lg">
      <div class="col-auto">
        <q-btn-toggle modelvalue="radar" flat="" stretch="" toggle-color="primary" options="[object Object],[object Object]"></q-btn-toggle>
      </div>
    </div>
    <!--v-if-->
    <!--v-if-->
  </div>
</q-page>"
`;
