// Vitest Snapshot v1, https://vitest.dev/guide/snapshot.html

exports[`RadarBlipDetails.vue > matches snapshot 1`] = `
"<q-card-section>
  <div class="row items-center no-wrap">
    <div class="col">
      <div class="text-h6">Test Blip</div>
      <div class="text-subtitle2">radar.quadrants.tools - radar.rings.adopt</div>
    </div>
    <div class="col-auto">
      <q-chip color="grey-7" text-color="white">radar.blips.stable</q-chip>
    </div>
  </div>
</q-card-section>
<q-card-section class="q-py-none">
  <div class="row items-center">
    <q-chip outline="" color="white" icon="description">Apache2.0 <q-tooltip>radar.licenseLabel</q-tooltip>
    </q-chip>
    <q-chip outline="" color="amber-9" icon="verified">Gold <q-tooltip>radar.licenseRating</q-tooltip>
    </q-chip>
  </div>
</q-card-section>
<q-card-section>Test</q-card-section>
<q-separator></q-separator>
<q-card-actions align="right">
  <!--v-if-->
  <!--v-if-->
  <!--v-if-->
</q-card-actions>"
`;
