// Vitest Snapshot v1, https://vitest.dev/guide/snapshot.html

exports[`RadarBlip.vue > matches snapshot 1`] = `
"<g data-v-5f078297="" class="blip-node focusable" tabindex="0" role="button" aria-label="Blip 2: Test Blip" aria-describedby="tooltip-1" style="--node-x: 100px; --node-y: 100px;" position="[object Object]" isactive="false">
  <circle data-v-5f078297="" id="blip-anchor-1" cx="100" cy="100" r="15" fill="#000000" class="blip-shape cursor-pointer"></circle><text data-v-5f078297="" x="100" y="104" text-anchor="middle" fill="#FFFFFF" font-size="14" font-weight="bold" class="cursor-pointer" pointer-events="none">2</text>
</g>"
`;
