// Vitest Snapshot v1, https://vitest.dev/guide/snapshot.html

exports[`RadarBlipDetails.vue > matches snapshot 1`] = `
"<q-dialog modelvalue="true" square="" class="shadow-0" aria-labelledby="blip-details-title" full-height="false">
  <q-card style="min-width: 50%;" dark="" class="bg-dark text-white scroll">
    <q-card-section class="row items-center sticky-top bg-dark" style="z-index: 10; position: sticky; top: 0px;">
      <div id="blip-details-title" class="text-h6 text-white">Test Blip</div>
      <q-space></q-space>
      <q-btn icon="close" flat="" round="" dense="" aria-label="radar.blips.close"></q-btn>
    </q-card-section>
    <div style="background-color: rgba(255, 255, 255, 0.05);">
      <radar-blip-detail-stub description="Test" subtitle="" isnew="false" licenseid="" licenserating="" quadrant="Tools" ring="Adopt" guidancelink="" repourl="" isfeedbackenabled="false"></radar-blip-detail-stub>
    </div>
    <!--v-if-->
  </q-card>
</q-dialog>
<!--v-if-->"
`;
