// Vitest Snapshot v1, https://vitest.dev/guide/snapshot.html

exports[`RadarBlipDetails.vue > matches snapshot 1`] = `
"<q-card-section class="q-pt-md">
  <div class="text-bold">Test Blip</div>
  <div class="row items-center q-gutter-sm">
    <q-chip color="primary" text-color="black">
      <q-icon name="trending_flat" size="xs" class="q-mr-xs"></q-icon> radar.blips.stable
    </q-chip>
    <q-chip color="primary" text-color="black">
      <q-icon name="category" size="xs" class="q-mr-xs"></q-icon> radar.quadrants.tools
    </q-chip>
    <q-chip color="secondary" text-color="black">
      <q-icon name="layers" size="xs" class="q-mr-xs"></q-icon> radar.rings.adopt
    </q-chip>
    <q-chip outline="" color="white" icon="description">Apache2.0</q-chip>
    <q-chip outline="" color="amber-9" icon="verified">Gold</q-chip>
  </div>
</q-card-section>
<q-card-section class="q-pt-none">Test</q-card-section>
<q-separator></q-separator>
<q-card-section class="q-mt-xs">
  <q-btn-group spread="">
    <!--v-if-->
    <!--v-if-->
    <!--v-if-->
  </q-btn-group>
</q-card-section>"
`;
